core_cm4.h:1688:22:__NVIC_EnableIRQ	16	static
core_cm4.h:1762:22:__NVIC_SetPendingIRQ	16	static
core_cm4.h:1816:22:__NVIC_SetPriority	16	static
main.c:89:5:main	32	static,ignoring_inline_asm
main.c:158:6:SystemClock_Config	88	static
main.c:202:13:MX_USART2_UART_Init	8	static
main.c:235:13:MX_GPIO_Init	56	static
main.c:369:13:PeriodicTask_handler	16	static
main.c:385:13:HandlerTask_handler	16	static
main.c:402:6:EXTI15_10_IRQHandler	16	static,ignoring_inline_asm
main.c:421:13:SetupSoftwareInterrupt	8	static
main.c:435:6:printmsg	96	static
main.c:457:6:HAL_TIM_PeriodElapsedCallback	16	static
main.c:474:6:Error_Handler	4	static
